Fetching 11 files:   0%|          | 0/11 [00:00<?, ?it/s]Fetching 11 files: 100%|██████████| 11/11 [00:00<00:00, 1665.25it/s]
2026-10-06 01:20:11,431	WARNING authentication_token_setup.py:85 -- Token authentication is enabled for this Ray cluster. Set RAY_AUTH_MODE=disabled to opt out. For more information, see https://docs.ray.io/en/latest/ray-security/token-auth.html
2026-10-06 01:20:14,595	INFO worker.py:2033 -- Started a local Ray instance.
[36m(StageWorkerActor pid=125142)[0m [rank0]:[W1006 01:20:29.691314885 ProcessGroupNCCL.cpp:4173] Warning: An unbatched P2P op (send/recv) was called on this ProcessGroup with size 0.  In lazy initialization mode, this will result in a new 2-rank NCCL communicator to be created. (function operator())
[36m(StageWorkerActor pid=125142)[0m begin bf16_optimizer
[36m(StageWorkerActor pid=125142)[0m MA 2.68 GB         Max_MA 5.1 GB         CA 5.13 GB         Max_CA 5 GB 
[36m(StageWorkerActor pid=125142)[0m CPU Virtual Memory:  used = 43.19 GB, percent = 2.2%
[36m(StageWorkerActor pid=125142)[0m before initializing group 0
[36m(StageWorkerActor pid=125142)[0m after initializing group 0
[36m(StageWorkerActor pid=125142)[0m end bf16_ optimizer
stages (blocks): [(0, 13), (13, 32)]
[36m(StageWorkerActor pid=125142)[0m /home/ubuntu/venv/lib/python3.12/site-packages/torch/distributed/c10d_logger.py:83: FutureWarning: `torch.distributed.all_gather_into_tensor` is deprecated. Please use `torch.distributed.all_gather_single` instead.
[36m(StageWorkerActor pid=125142)[0m   return func(*args, **kwargs)
[36m(StageWorkerActor pid=125137)[0m [rank2]:[W1006 01:20:30.823471493 ProcessGroupNCCL.cpp:4173] Warning: An unbatched P2P op (send/recv) was called on this ProcessGroup with size 0.  In lazy initialization mode, this will result in a new 2-rank NCCL communicator to be created. (function operator())[32m [repeated 11x across cluster] (Ray deduplicates logs by default. Set RAY_DEDUP_LOGS=0 to disable log deduplication, or see https://docs.ray.io/en/master/ray-observability/user-guides/configure-logging.html#log-deduplication for more options.)[0m
step 0 loss 0.8401 20971 ms 2993 real tok/s 6250 padded tok/s real 62758 supervised 12716
step 1 loss 0.4781 6962 ms 9290 real tok/s 18827 padded tok/s real 64678 supervised 12306
step 2 loss 0.2388 6605 ms 10171 real tok/s 19845 padded tok/s real 67178 supervised 12077
step 3 loss 0.1265 6561 ms 10019 real tok/s 19978 padded tok/s real 65735 supervised 13341
step 4 loss 0.1640 7370 ms 8956 real tok/s 17785 padded tok/s real 66005 supervised 14074
step 5 loss 0.1464 6655 ms 10205 real tok/s 19696 padded tok/s real 67916 supervised 13226
step 6 loss 0.0908 6835 ms 9517 real tok/s 19175 padded tok/s real 65054 supervised 13273
step 7 loss 0.0938 6429 ms 10091 real tok/s 20388 padded tok/s real 64875 supervised 11475
step 8 loss 0.0783 6667 ms 9715 real tok/s 19661 padded tok/s real 64765 supervised 13068
step 9 loss 0.0546 7101 ms 9351 real tok/s 18459 padded tok/s real 66397 supervised 12054
step 10 loss 0.0680 6350 ms 10072 real tok/s 20642 padded tok/s real 63955 supervised 12301
step 11 loss 0.0692 6369 ms 9601 real tok/s 20581 padded tok/s real 61145 supervised 14656
step 12 loss 0.0449 6571 ms 9993 real tok/s 19947 padded tok/s real 65662 supervised 13386
step 13 loss 0.0378 6199 ms 9850 real tok/s 21142 padded tok/s real 61063 supervised 11616
step 14 loss 0.0332 6920 ms 9510 real tok/s 18942 padded tok/s real 65810 supervised 12363
step 15 loss 0.0330 6327 ms 10425 real tok/s 20716 padded tok/s real 65959 supervised 12782
step 16 loss 0.0317 6417 ms 10281 real tok/s 20425 padded tok/s real 65979 supervised 13546
step 17 loss 0.0313 6453 ms 10650 real tok/s 20310 padded tok/s real 68728 supervised 13276
step 18 loss 0.0240 6406 ms 9889 real tok/s 20459 padded tok/s real 63353 supervised 13362
step 19 loss 0.0284 6986 ms 9559 real tok/s 18762 padded tok/s real 66778 supervised 12869
step 20 loss 0.0273 6402 ms 10374 real tok/s 20475 padded tok/s real 66409 supervised 11187
step 21 loss 0.0241 6597 ms 9628 real tok/s 19869 padded tok/s real 63513 supervised 13209
step 22 loss 0.0210 6522 ms 9900 real tok/s 20096 padded tok/s real 64572 supervised 12025
step 23 loss 0.0288 6423 ms 10092 real tok/s 20406 padded tok/s real 64820 supervised 13737
step 24 loss 0.0337 6691 ms 9262 real tok/s 19588 padded tok/s real 61975 supervised 13653
step 25 loss 0.0119 6679 ms 9397 real tok/s 19625 padded tok/s real 62758 supervised 12716
step 26 loss 0.0129 6353 ms 10181 real tok/s 20633 padded tok/s real 64678 supervised 12306
step 27 loss 0.0183 6419 ms 10465 real tok/s 20419 padded tok/s real 67178 supervised 12077
step 28 loss 0.0158 6375 ms 10311 real tok/s 20560 padded tok/s real 65735 supervised 13341
step 29 loss 0.0175 6852 ms 9633 real tok/s 19130 padded tok/s real 66005 supervised 14074
step 30 loss 0.0125 6568 ms 10341 real tok/s 19957 padded tok/s real 67916 supervised 13226
step 31 loss 0.0106 6633 ms 9807 real tok/s 19760 padded tok/s real 65054 supervised 13273
step 32 loss 0.0165 6543 ms 9915 real tok/s 20032 padded tok/s real 64875 supervised 11475
step 33 loss 0.0158 6561 ms 9872 real tok/s 19979 padded tok/s real 64765 supervised 13068
step 34 loss 0.0106 6825 ms 9728 real tok/s 19203 padded tok/s real 66397 supervised 12054
step 35 loss 0.0141 6262 ms 10214 real tok/s 20933 padded tok/s real 63955 supervised 12301
step 36 loss 0.0158 6238 ms 9802 real tok/s 21013 padded tok/s real 61145 supervised 14656
step 37 loss 0.0124 6304 ms 10416 real tok/s 20792 padded tok/s real 65662 supervised 13386
step 38 loss 0.0084 6486 ms 9415 real tok/s 20209 padded tok/s real 61063 supervised 11616
step 39 loss 0.0071 6925 ms 9503 real tok/s 18926 padded tok/s real 65810 supervised 12363
step 40 loss 0.0107 6349 ms 10389 real tok/s 20645 padded tok/s real 65959 supervised 12782
step 41 loss 0.0122 6311 ms 10454 real tok/s 20768 padded tok/s real 65979 supervised 13546
step 42 loss 0.0098 6333 ms 10852 real tok/s 20696 padded tok/s real 68728 supervised 13276
step 43 loss 0.0056 6486 ms 9768 real tok/s 20210 padded tok/s real 63353 supervised 13362
step 44 loss 0.0098 6905 ms 9672 real tok/s 18983 padded tok/s real 66778 supervised 12869
step 45 loss 0.0087 6287 ms 10563 real tok/s 20848 padded tok/s real 66409 supervised 11187
step 46 loss 0.0090 6283 ms 10109 real tok/s 20861 padded tok/s real 63513 supervised 13209
step 47 loss 0.0061 6582 ms 9811 real tok/s 19914 padded tok/s real 64572 supervised 12025
step 48 loss 0.0102 6541 ms 9910 real tok/s 20039 padded tok/s real 64820 supervised 13737
step 49 loss 0.0114 6570 ms 9433 real tok/s 19949 padded tok/s real 61975 supervised 13653
[36m(StageWorkerActor pid=125151)[0m /home/ubuntu/venv/lib/python3.12/site-packages/torch/distributed/c10d_logger.py:83: FutureWarning: `torch.distributed.all_gather_into_tensor` is deprecated. Please use `torch.distributed.all_gather_single` instead.[32m [repeated 7x across cluster][0m
[36m(StageWorkerActor pid=125151)[0m   return func(*args, **kwargs)[32m [repeated 7x across cluster][0m
[36m(StageWorkerActor pid=125151)[0m begin bf16_optimizer
[36m(StageWorkerActor pid=125151)[0m MA 12.46 GB         Max_MA 12.46 GB         CA 15.08 GB         Max_CA 15 GB [32m [repeated 7x across cluster][0m
[36m(StageWorkerActor pid=125151)[0m CPU Virtual Memory:  used = 43.25 GB, percent = 2.2%[32m [repeated 7x across cluster][0m
[36m(StageWorkerActor pid=125151)[0m before initializing group 0
[36m(StageWorkerActor pid=125151)[0m after initializing group 0
[36m(StageWorkerActor pid=125151)[0m end bf16_ optimizer
